add_library( main INTERFACE )

target_sources(main main.h)